[7A


â•‘                             >                              â•‘[K



[300D