[?25l[?2004h╔════════════════════════════════════════════════════════════╗[K
║                                                            ║[K
║               Enter your password to proceed               ║[K
║                             >                              ║[K
║                                                            ║[K
║                  [Enter] OK  [Esc] Cancel                  ║[K
║                                                            ║[K
╚════════════════════════════════════════════════════════════╝[K[300D